// Jest Snapshot v1, https://goo.gl/fbAQLP

exports[`Button component Matches the snapshot 1`] = `
<div>
  <button
    className="btn btn-primary"
    disabled={false}
    type="button"
  />
</div>
`;
